// Jest Snapshot v1, https://goo.gl/fbAQLP

exports[`Camera screen test case Camera screen snapshot 1`] = `
<View
  style={
    Object {
      "backgroundColor": "black",
      "flex": 1,
      "flexDirection": "column",
    }
  }
>
  <ScreenShooter
    onScreenSnapCallback={[Function]}
  />
</View>
`;

exports[`Camera screen test case Photo result snapshot 1`] = `
<View
  style={
    Object {
      "alignItems": "center",
      "flex": 1,
      "justifyContent": "center",
    }
  }
>
  <Image
    source={
      Object {
        "uri": "data:image/gif;base64,abc111",
      }
    }
    style={
      Object {
        "flex": 1,
        "height": "100%",
        "width": "100%",
      }
    }
  />
  <Button
    onPress={[Function]}
    title="New photo"
  />
</View>
`;

exports[`Camera screen test case Screen shooter snapshot 1`] = `
<Fragment>
  <Camera
    androidCameraPermissionOptions={null}
    androidRecordAudioPermissionOptions={null}
    autoFocus={1}
    barCodeTypes={Array []}
    cameraId={null}
    captureAudio={true}
    exposure={-1}
    faceDetectionClassifications={0}
    faceDetectionLandmarks={0}
    faceDetectionMode={1}
    flashMode={1}
    focusDepth={0}
    keepAudioSession={false}
    maxZoom={0}
    mirrorVideo={false}
    notAuthorizedView={
      <View
        style={
          Object {
            "alignItems": "center",
            "flex": 1,
            "justifyContent": "center",
          }
        }
      >
        <Text
          style={
            Object {
              "fontSize": 16,
              "textAlign": "center",
            }
          }
        >
          Camera not authorized
        </Text>
      </View>
    }
    pendingAuthorizationView={
      <View
        style={
          Object {
            "alignItems": "center",
            "flex": 1,
            "justifyContent": "center",
          }
        }
      >
        <ActivityIndicator
          animating={true}
          color="#999999"
          hidesWhenStopped={true}
          size="small"
        />
      </View>
    }
    permissionDialogMessage=""
    permissionDialogTitle=""
    pictureSize="None"
    playSoundOnCapture={false}
    ratio="4:3"
    style={
      Object {
        "alignItems": "center",
        "flex": 1,
        "justifyContent": "flex-end",
      }
    }
    type={1}
    useCamera2Api={false}
    useNativeZoom={false}
    videoStabilizationMode={0}
    zoom={0}
  />
  <View
    style={
      Object {
        "flex": 0,
        "flexDirection": "row",
        "justifyContent": "center",
      }
    }
  >
    <View
      style={
        Object {
          "alignItems": "center",
          "backgroundColor": "white",
          "flexDirection": "row",
        }
      }
    >
      <Text>
        Front camera:
      </Text>
      <ForwardRef(CheckBoxWithRef)
        disabled={true}
        onValueChange={[Function]}
        value={true}
      />
    </View>
    <ForwardRef
      onPress={[Function]}
      style={
        Object {
          "alignSelf": "center",
          "backgroundColor": "#a7a7a7",
          "borderRadius": 5,
          "flex": 0,
          "padding": 6,
        }
      }
    >
      <Text>
        Snap 
        Front
      </Text>
    </ForwardRef>
    <View
      style={
        Object {
          "alignItems": "center",
          "backgroundColor": "white",
          "flexDirection": "row",
        }
      }
    >
      <Text>
        Back camera:
      </Text>
      <ForwardRef(CheckBoxWithRef)
        disabled={false}
        onValueChange={[Function]}
        value={false}
      />
    </View>
  </View>
</Fragment>
`;
